error: the ID field of wither::Models must have the attribute `#[serde(rename="_id", skip_serializing_if="Option::is_none")]`
 --> $DIR/field-id-missing-serde-attrs.rs:6:5
  |
6 |     id: Option<wither::bson::oid::ObjectId>,
  |     ^^
